[0m16:17:18.550686 [debug] [MainThread]: Sending event: {'category': 'dbt', 'action': 'invocation', 'label': 'start', 'context': [<snowplow_tracker.self_describing_json.SelfDescribingJson object at 0x108621b50>, <snowplow_tracker.self_describing_json.SelfDescribingJson object at 0x10b551010>, <snowplow_tracker.self_describing_json.SelfDescribingJson object at 0x10b551ad0>]}


============================== 16:17:18.552699 | be498408-7b53-41f5-893c-60b6fc9dd355 ==============================
[0m16:17:18.552699 [info ] [MainThread]: Running with dbt=1.11.11
[0m16:17:18.552915 [debug] [MainThread]: running dbt with arguments {'write_json': 'True', 'log_format': 'default', 'use_colors': 'True', 'no_print': 'None', 'quiet': 'False', 'log_path': 'logs', 'send_anonymous_usage_stats': 'True', 'static_parser': 'True', 'invocation_command': 'dbt init dbt_taxi', 'warn_error': 'None', 'debug': 'False', 'version_check': 'True', 'use_experimental_parser': 'False', 'cache_selected_only': 'False', 'warn_error_options': 'WarnErrorOptionsV2(error=[], warn=[], silence=[])', 'printer_width': '80', 'partial_parse': 'True', 'target_path': 'None', 'indirect_selection': 'eager', 'log_cache_events': 'False', 'empty': 'None', 'fail_fast': 'False', 'introspect': 'True', 'profiles_dir': '/Users/shwet/.dbt'}
[0m16:17:18.559963 [info ] [MainThread]: Creating dbt configuration folder at /Users/shwet/.dbt
[0m16:17:18.560719 [debug] [MainThread]: Starter project path: /Users/shwet/Workspace/VSCode/data-stack-project1/venv/lib/python3.11/site-packages/dbt/include/starter_project
[0m16:17:18.563141 [info ] [MainThread]: 
Your new dbt project "dbt_taxi" was created!

For more information on how to configure the profiles.yml file,
please consult the dbt documentation here:

  https://docs.getdbt.com/docs/configure-your-profile

One more thing:

Need help? Don't hesitate to reach out to us via GitHub issues or on Slack:

  https://community.getdbt.com/

Happy modeling!

[0m16:17:18.563271 [info ] [MainThread]: Setting up your profile.
[0m16:17:43.977180 [info ] [MainThread]: Profile dbt_taxi written to /Users/shwet/.dbt/profiles.yml using target's sample configuration. Once updated, you'll be able to start developing with dbt.
[0m16:17:43.984206 [debug] [MainThread]: Resource report: {"command_name": "init", "command_success": true, "command_wall_clock_time": 25.461117, "process_in_blocks": "0", "process_kernel_time": 0.159745, "process_mem_max_rss": "134397952", "process_out_blocks": "0", "process_user_time": 0.623877}
[0m16:17:43.984412 [debug] [MainThread]: Command `dbt init` succeeded at 16:17:43.984370 after 25.46 seconds
[0m16:17:43.984553 [debug] [MainThread]: Sending event: {'category': 'dbt', 'action': 'invocation', 'label': 'end', 'context': [<snowplow_tracker.self_describing_json.SelfDescribingJson object at 0x107046e90>, <snowplow_tracker.self_describing_json.SelfDescribingJson object at 0x10b3f3910>, <snowplow_tracker.self_describing_json.SelfDescribingJson object at 0x10b1887d0>]}
[0m16:17:43.984694 [debug] [MainThread]: Flushing usage events
[0m16:17:44.586741 [debug] [MainThread]: An error was encountered while trying to flush usage events
